^kazati<vblex><perf><iv><lp><m><sg>/рече<vblex><perf><tv><lp><m><sg>$ ^biti<vbser><clt><pres><p3><sg>/е<vbser><pres><p3><sg>$ ^je<d>/je<s>$ ^kazati<vblex><perf><iv><lp><m><sg>/каже<vblex><perf><tv><lp><m><sg>$^.<sent>/.<sent>$
