^free<adj><sg>/gratis<adj><sg>$ ^whatever<n>/gloop<n>$
^free<adj><sg>/libre<adj><sg>$ ^bloop<n>/gloop<n>$
^free<adj><sg>/libre<adj><sg>$ ^shoop<n>/gloop<n>$
