^William<np><ant><m><sg>/Guillem<np><ant><m><sg>$ ^the<det><def><sp>/el<det><def><GD><ND>$ ^Bastard<n><sg>/Bastardo<n><GD><sg>$^,<cm>/,<cm>$ ^William<np><ant><m><sg>/Guillem<np><ant><m><sg>/William<np><ant><m><sg>$ ^the<det><def><sp>/el<det><def><GD><ND>$ ^bastard<n><sg>/bastardo<n><GD><sg>$ 
