^ver<vblex>/ablah<n>$
^ver<vblex>/blah<n>$
^vera<vblex>/ablah<n>$
^vera<vblex>/blah<n>$
^aver<vblex>/ablah<n>$
^aver<vblex>/blah<n>$
^avera<vblex>/ablah<n>$
^avera<vblex>/blah<n>$

^ver<vblex>/blaha<n>/other<n>$
