^bassin<n><sg>/conca<n>$ ^de<pr>/a<pr>$ ^el<det><pl>/la<det><pl>$ ^mer<n><pl>/mar<n><sg>$
^bassin<n><sg>/conca<n>$ ^de<pr>/a<pr>$ ^el<det><pl>/la<det><pl>$ ^fleuve<n><pl>/flavor<n>$
^bassin<n><sg>/conca<n>$ ^de<pr>/a<pr>$ ^el<det><pl>/la<det><pl>$ ^London<np><top><sg>/London<np>$
^bassin<n><sg>/blah<n>$ ^de<pr>/a<pr>$ ^el<det><pl>/la<det><pl>$ ^*mer/*mer$
^bassin<n><sg>/blah<n>$ ^de<pr>/a<pr>$ ^el<det><pl>/la<det><pl>$ ^*M/*M$
^bassin<n><sg>/conca<n>$ ^de<pr>/a<pr>$ ^el<det><pl>/la<det><pl>$ ^*Mn/*Mn$
