^version<vblex>/version<vblex>$ ^X<adv>/X<adv>/Y<adv>$

^verity<vblex>/verity<vblex>$ ^X<adv>/X<adv>/Y<adv>$

^avere<vblex>/avere<vblex>$ ^X<adv>/X<adv>/Y<adv>$

^devolver<vblex>/devolver<vblex>$ ^X<adv>/X<adv>/Y<adv>$

^ver<vblex>/ver<vblex>$ ^X<adv>/X<adv>$
