^context<seen>/context<seen>$ ^Y<n>/Y<n>/want<n>$
