^hi<x>/ho<x>$ ^yi<n><sg>/ya<n><sg>$ ^ho<y>/ha<y>$ ^yo<n>/blah<q>$
^a<x>/a<x>$ ^b<y>/noodle<z>$
^octopi<x>/a<x>$ ^potato<y>/noodle<z>$
