^prefixsuffix<cnjsub>/whocares<cnjsub>$ ^targetlm<adv>/rightlm<adv>$
